2025-05-15 18:02:14,505 - INFO - ==== Starting WebGIS Oil Spill Detection Application ====
2025-05-15 18:02:14,518 - WARNING - Port 8000 is already in use, attempting to free it
2025-05-15 18:02:15,121 - INFO - Killing process 11248 (python.exe) using port 8000
2025-05-15 18:02:18,717 - INFO - Killed 0 processes running app.py
2025-05-15 18:02:19,250 - INFO - Killed 0 processes running mados_service.py
2025-05-15 18:02:19,783 - INFO - Killed 0 processes running restart_mados.py
2025-05-15 18:02:19,783 - INFO - Cleaning temp directories in C:\Users\alvito\AppData\Local\Temp
2025-05-15 18:02:19,799 - INFO - Removed 0 temporary MADOS job directories
2025-05-15 18:02:20,635 - INFO - Starting MADOS service...
2025-05-15 18:02:20,635 - INFO - Starting service: mados_service.py
2025-05-15 18:02:20,635 - INFO - Cleaning temp directories in C:\Users\alvito\AppData\Local\Temp
2025-05-15 18:02:20,635 - INFO - Removed 0 temporary MADOS job directories
2025-05-15 18:02:22,674 - INFO - Started mados_service.py process
2025-05-15 18:02:25,707 - INFO - Waiting for service to start on port 5000 (attempt 1/20)...
2025-05-15 18:02:40,898 - INFO - Waiting for service to start on port 5000 (attempt 6/20)...
2025-05-15 18:02:56,166 - INFO - Waiting for service to start on port 5000 (attempt 11/20)...
2025-05-15 18:03:11,397 - INFO - Waiting for service to start on port 5000 (attempt 16/20)...
2025-05-15 18:03:23,559 - WARNING - Service failed to start, retrying (1/3)...
2025-05-15 18:03:24,096 - INFO - Killed 0 processes running mados_service.py
2025-05-15 18:03:29,161 - INFO - Waiting for service to start on port 5000 (attempt 1/20)...
2025-05-15 18:03:44,347 - INFO - Waiting for service to start on port 5000 (attempt 6/20)...
2025-05-15 18:03:59,557 - INFO - Waiting for service to start on port 5000 (attempt 11/20)...
2025-05-15 18:04:14,751 - INFO - Waiting for service to start on port 5000 (attempt 16/20)...
2025-05-15 18:04:26,907 - WARNING - Service failed to start, retrying (2/3)...
2025-05-15 18:04:27,435 - INFO - Killed 0 processes running mados_service.py
2025-05-15 18:04:32,484 - INFO - Waiting for service to start on port 5000 (attempt 1/20)...
2025-05-15 18:04:47,648 - INFO - Waiting for service to start on port 5000 (attempt 6/20)...
2025-05-15 18:05:02,764 - INFO - Waiting for service to start on port 5000 (attempt 11/20)...
2025-05-15 18:05:17,954 - INFO - Waiting for service to start on port 5000 (attempt 16/20)...
2025-05-15 18:05:30,146 - ERROR - Service failed to start after 3 attempts
2025-05-15 18:05:30,146 - INFO - Starting main application...
2025-05-15 18:05:30,146 - INFO - Starting service: app.py
2025-05-15 18:05:30,148 - INFO - Service appears to be already running on port 8000
2025-05-15 18:05:35,149 - INFO - Starting MADOS monitor service
2025-05-15 18:05:35,149 - INFO - MADOS monitor service started
2025-05-15 18:05:35,149 - INFO - All services started!
2025-05-15 18:05:35,149 - INFO - Access the application at: http://localhost:8000
2025-05-15 18:05:35,149 - INFO - Press Ctrl+C to stop all services and exit
2025-05-15 18:44:57,968 - INFO - Received interrupt signal, shutting down...
2025-05-15 18:44:57,984 - INFO - Cleaning up processes...
2025-05-15 18:44:58,657 - INFO - Killed 0 processes running app.py
2025-05-15 18:44:59,248 - INFO - Killed 0 processes running mados_service.py
2025-05-15 18:44:59,842 - INFO - Killed 0 processes running restart_mados.py
2025-05-15 18:45:00,737 - INFO - Killing process 11248 using port 8000 via taskkill
2025-05-15 18:45:02,932 - INFO - Cleaning up processes...
2025-05-15 18:45:03,523 - INFO - Killed 0 processes running app.py
2025-05-15 18:45:04,109 - INFO - Killed 0 processes running mados_service.py
2025-05-15 18:45:04,706 - INFO - Killed 0 processes running restart_mados.py
2025-05-15 18:45:05,461 - INFO - Killing process 11248 using port 8000 via taskkill
2025-05-15 19:30:59,009 - INFO - ==== Starting WebGIS Oil Spill Detection Application ====
2025-05-15 19:31:01,043 - WARNING - Port 5000 is already in use, attempting to free it
2025-05-15 19:31:01,532 - INFO - Killing process 9544 (python.exe) using port 5000
2025-05-15 19:31:01,874 - INFO - ==== Starting WebGIS Oil Spill Detection Application ====
2025-05-15 19:31:03,017 - INFO - Killed 0 processes running app.py
2025-05-15 19:31:03,491 - INFO - Killed 0 processes running mados_service.py
2025-05-15 19:31:03,992 - INFO - Killed 0 processes running restart_mados.py
2025-05-15 19:31:03,992 - INFO - Cleaning temp directories in C:\Users\alvito\AppData\Local\Temp
2025-05-15 19:31:03,992 - INFO - Removed 0 temporary MADOS job directories
2025-05-15 19:31:06,427 - INFO - Killed 0 processes running app.py
2025-05-15 19:31:06,427 - INFO - Starting MADOS service...
2025-05-15 19:31:06,427 - INFO - Starting service: mados_service.py
2025-05-15 19:31:06,427 - INFO - Cleaning temp directories in C:\Users\alvito\AppData\Local\Temp
2025-05-15 19:31:06,435 - INFO - Removed 0 temporary MADOS job directories
2025-05-15 19:31:06,918 - INFO - Killed 0 processes running mados_service.py
2025-05-15 19:31:07,424 - INFO - Killed 0 processes running restart_mados.py
2025-05-15 19:31:07,430 - INFO - Cleaning temp directories in C:\Users\alvito\AppData\Local\Temp
2025-05-15 19:31:07,430 - INFO - Removed 0 temporary MADOS job directories
2025-05-15 19:31:08,225 - INFO - Starting MADOS service...
2025-05-15 19:31:08,225 - INFO - Starting service: mados_service.py
2025-05-15 19:31:08,225 - INFO - Cleaning temp directories in C:\Users\alvito\AppData\Local\Temp
2025-05-15 19:31:08,225 - INFO - Removed 0 temporary MADOS job directories
2025-05-15 19:31:08,452 - INFO - Started mados_service.py process
2025-05-15 19:31:10,260 - INFO - Started mados_service.py process
2025-05-15 19:31:11,487 - INFO - Waiting for service to start on port 5000 (attempt 1/20)...
2025-05-15 19:31:13,290 - INFO - Waiting for service to start on port 5000 (attempt 1/20)...
2025-05-15 19:31:14,295 - INFO - Service is running on port 5000
2025-05-15 19:31:14,295 - INFO - Starting main application...
2025-05-15 19:31:14,295 - INFO - Starting service: app.py
2025-05-15 19:31:14,536 - INFO - Service is running on port 5000
2025-05-15 19:31:14,536 - INFO - Starting main application...
2025-05-15 19:31:14,536 - INFO - Starting service: app.py
2025-05-15 19:31:16,313 - INFO - Started app.py process
2025-05-15 19:31:16,566 - INFO - Started app.py process
2025-05-15 19:31:19,350 - INFO - Waiting for service to start on port 8000 (attempt 1/20)...
2025-05-15 19:31:19,599 - INFO - Waiting for service to start on port 8000 (attempt 1/20)...
2025-05-15 19:31:34,521 - INFO - Waiting for service to start on port 8000 (attempt 6/20)...
2025-05-15 19:31:34,762 - INFO - Waiting for service to start on port 8000 (attempt 6/20)...
2025-05-15 19:31:49,704 - INFO - Waiting for service to start on port 8000 (attempt 11/20)...
2025-05-15 19:31:49,920 - INFO - Waiting for service to start on port 8000 (attempt 11/20)...
2025-05-15 19:32:04,868 - INFO - Waiting for service to start on port 8000 (attempt 16/20)...
2025-05-15 19:32:05,108 - INFO - Waiting for service to start on port 8000 (attempt 16/20)...
2025-05-15 19:32:11,165 - INFO - Received interrupt signal, shutting down...
2025-05-15 19:32:11,165 - INFO - Cleaning up processes...
2025-05-15 19:32:11,636 - INFO - Killed 0 processes running app.py
2025-05-15 19:32:12,074 - INFO - Killing process: PID 13920, script: mados_service.py
2025-05-15 19:32:12,074 - INFO - Killing process: PID 14168, script: mados_service.py
2025-05-15 19:32:12,121 - INFO - Killed 2 processes running mados_service.py
2025-05-15 19:32:12,620 - INFO - Killed 0 processes running restart_mados.py
2025-05-15 19:32:16,696 - INFO - Cleaning up processes...
2025-05-15 19:32:17,027 - WARNING - Service failed to start, retrying (1/3)...
2025-05-15 19:32:17,155 - INFO - Killed 0 processes running app.py
2025-05-15 19:32:17,490 - INFO - Killed 0 processes running app.py
2025-05-15 19:32:17,629 - INFO - Killed 0 processes running mados_service.py
2025-05-15 19:32:18,097 - INFO - Killed 0 processes running restart_mados.py
2025-05-15 19:32:22,528 - INFO - Waiting for service to start on port 8000 (attempt 1/20)...
2025-05-15 19:32:37,678 - INFO - Waiting for service to start on port 8000 (attempt 6/20)...
2025-05-15 19:32:52,911 - INFO - Waiting for service to start on port 8000 (attempt 11/20)...
2025-05-15 19:33:08,171 - INFO - Waiting for service to start on port 8000 (attempt 16/20)...
2025-05-15 19:33:20,362 - WARNING - Service failed to start, retrying (2/3)...
2025-05-15 19:33:20,854 - INFO - Killed 0 processes running app.py
2025-05-15 19:33:25,924 - INFO - Waiting for service to start on port 8000 (attempt 1/20)...
2025-05-15 20:20:50,279 - INFO - ==== Starting WebGIS Oil Spill Detection Application ====
2025-05-15 20:20:50,279 - WARNING - Port 8000 is already in use, attempting to free it
2025-05-15 20:20:50,806 - INFO - Killing process 9844 (python.exe) using port 8000
2025-05-15 20:20:51,819 - WARNING - Port 5000 is already in use, attempting to free it
2025-05-15 20:20:52,366 - INFO - Killing process 10420 (python.exe) using port 5000
2025-05-15 20:20:53,918 - INFO - Killed 0 processes running app.py
2025-05-15 20:20:54,457 - INFO - Killed 0 processes running mados_service.py
2025-05-15 20:20:54,988 - INFO - Killed 0 processes running restart_mados.py
2025-05-15 20:20:54,988 - INFO - Cleaning temp directories in C:\Users\alvito\AppData\Local\Temp
2025-05-15 20:20:55,430 - INFO - Removed 2 temporary MADOS job directories
2025-05-15 20:20:57,990 - INFO - Starting MADOS service...
2025-05-15 20:20:57,990 - INFO - Starting service: mados_service.py
2025-05-15 20:20:57,990 - INFO - Cleaning temp directories in C:\Users\alvito\AppData\Local\Temp
2025-05-15 20:20:57,999 - INFO - Removed 0 temporary MADOS job directories
2025-05-15 20:21:00,016 - INFO - Started mados_service.py process
2025-05-15 20:21:03,055 - INFO - Waiting for service to start on port 5000 (attempt 1/20)...
2025-05-15 20:21:07,105 - INFO - Service is running on port 5000
2025-05-15 20:21:07,105 - INFO - Starting main application...
2025-05-15 20:21:07,105 - INFO - Starting service: app.py
2025-05-15 20:21:07,105 - INFO - Service appears to be already running on port 8000
2025-05-15 20:21:12,108 - INFO - Starting MADOS monitor service
2025-05-15 20:21:12,118 - INFO - MADOS monitor service started
2025-05-15 20:21:12,118 - INFO - All services started!
2025-05-15 20:21:12,118 - INFO - Access the application at: http://localhost:8000
2025-05-15 20:21:12,118 - INFO - Press Ctrl+C to stop all services and exit
2025-05-15 20:44:27,991 - INFO - Received interrupt signal, shutting down...
2025-05-15 20:44:28,006 - INFO - Cleaning up processes...
2025-05-15 20:44:28,667 - INFO - Killed 0 processes running app.py
2025-05-15 20:44:29,225 - INFO - Killed 0 processes running mados_service.py
2025-05-15 20:44:29,774 - INFO - Killed 0 processes running restart_mados.py
2025-05-15 20:44:30,486 - INFO - Killing process 9844 using port 8000 via taskkill
2025-05-15 20:44:32,690 - INFO - Cleaning up processes...
2025-05-15 20:44:33,246 - INFO - Killed 0 processes running app.py
2025-05-15 20:44:33,831 - INFO - Killed 0 processes running mados_service.py
2025-05-15 20:44:34,403 - INFO - Killed 0 processes running restart_mados.py
2025-05-15 20:44:35,153 - INFO - Killing process 9844 using port 8000 via taskkill
2025-05-15 20:47:13,236 - INFO - ==== Starting WebGIS Oil Spill Detection Application ====
2025-05-15 20:47:13,236 - WARNING - Port 8000 is already in use, attempting to free it
2025-05-15 20:47:13,989 - INFO - Killing process 9844 using port 8000 via taskkill
2025-05-15 20:47:17,786 - INFO - Killed 0 processes running app.py
2025-05-15 20:47:18,369 - INFO - Killed 0 processes running mados_service.py
2025-05-15 20:47:18,955 - INFO - Killed 0 processes running restart_mados.py
2025-05-15 20:47:18,956 - INFO - Cleaning temp directories in C:\Users\alvito\AppData\Local\Temp
2025-05-15 20:47:18,957 - INFO - Removed 0 temporary MADOS job directories
2025-05-15 20:47:20,955 - INFO - Starting MADOS service...
2025-05-15 20:47:20,955 - INFO - Starting service: mados_service.py
2025-05-15 20:47:20,955 - INFO - Cleaning temp directories in C:\Users\alvito\AppData\Local\Temp
2025-05-15 20:47:20,966 - INFO - Removed 0 temporary MADOS job directories
2025-05-15 20:47:22,986 - INFO - Received interrupt signal, shutting down...
2025-05-15 20:47:22,987 - INFO - Cleaning up processes...
2025-05-15 20:47:23,569 - INFO - Killed 0 processes running app.py
2025-05-15 20:47:24,153 - INFO - Killed 0 processes running mados_service.py
2025-05-15 20:47:24,735 - INFO - Killed 0 processes running restart_mados.py
2025-05-15 20:47:25,490 - INFO - Killing process 9844 using port 8000 via taskkill
2025-05-15 20:47:27,619 - INFO - Cleaning up processes...
2025-05-15 20:47:28,205 - INFO - Killed 0 processes running app.py
2025-05-15 20:47:28,784 - INFO - Killed 0 processes running mados_service.py
2025-05-15 20:47:29,379 - INFO - Killed 0 processes running restart_mados.py
2025-05-15 20:47:30,100 - INFO - Killing process 9844 using port 8000 via taskkill
2025-05-15 20:47:44,938 - INFO - ==== Starting WebGIS Oil Spill Detection Application ====
2025-05-15 20:47:44,938 - WARNING - Port 8000 is already in use, attempting to free it
2025-05-15 20:47:45,674 - INFO - Killing process 9844 using port 8000 via taskkill
2025-05-15 20:47:49,367 - INFO - Killed 0 processes running app.py
2025-05-15 20:47:49,935 - INFO - Killed 0 processes running mados_service.py
2025-05-15 20:47:50,502 - INFO - Killed 0 processes running restart_mados.py
2025-05-15 20:47:50,502 - INFO - Cleaning temp directories in C:\Users\alvito\AppData\Local\Temp
2025-05-15 20:47:50,502 - INFO - Removed 0 temporary MADOS job directories
2025-05-15 20:47:51,351 - INFO - Starting MADOS service...
2025-05-15 20:47:51,351 - INFO - Starting service: mados_service.py
2025-05-15 20:47:51,351 - INFO - Cleaning temp directories in C:\Users\alvito\AppData\Local\Temp
2025-05-15 20:47:51,351 - INFO - Removed 0 temporary MADOS job directories
2025-05-15 20:47:53,408 - INFO - Started mados_service.py process
2025-05-15 20:47:56,434 - INFO - Waiting for service to start on port 5000 (attempt 1/20)...
2025-05-15 20:47:58,964 - INFO - Service is running on port 5000
2025-05-15 20:47:58,964 - INFO - Starting main application...
2025-05-15 20:47:58,964 - INFO - Starting service: app.py
2025-05-15 20:47:58,964 - INFO - Service appears to be already running on port 8000
2025-05-15 20:48:03,967 - INFO - Starting MADOS monitor service
2025-05-15 20:48:03,968 - INFO - MADOS monitor service started
2025-05-15 20:48:03,968 - INFO - All services started!
2025-05-15 20:48:03,977 - INFO - Access the application at: http://localhost:8000
2025-05-15 20:48:03,977 - INFO - Press Ctrl+C to stop all services and exit
2025-05-15 20:48:22,652 - INFO - Received interrupt signal, shutting down...
2025-05-15 20:48:22,653 - INFO - Cleaning up processes...
2025-05-15 20:48:23,236 - INFO - Killed 0 processes running app.py
2025-05-15 20:48:23,836 - INFO - Killed 0 processes running mados_service.py
2025-05-15 20:48:24,437 - INFO - Killed 0 processes running restart_mados.py
2025-05-15 20:48:25,202 - INFO - Killing process 9844 using port 8000 via taskkill
2025-05-15 20:48:27,334 - INFO - Cleaning up processes...
2025-05-15 20:48:27,952 - INFO - Killed 0 processes running app.py
2025-05-15 20:48:28,550 - INFO - Killed 0 processes running mados_service.py
2025-05-15 20:48:29,191 - INFO - Killed 0 processes running restart_mados.py
2025-05-15 20:48:29,950 - INFO - Killing process 9844 using port 8000 via taskkill
